// Jest Snapshot v1, https://goo.gl/fbAQLP

exports[`Header first 1`] = `
<div
  className="h-24 bg-gray-600"
>
  asd
</div>
`;
